../Drivers/STM32WBxx_HAL_Driver/Inc/stm32wbxx_ll_bus.h:539:22:LL_AHB2_GRP1_EnableClock	24	static
../Core/Src/main.c:87:6:sendUSBData	16	static
../Core/Src/main.c:98:10:findStrEnd	16	static
../Core/Src/main.c:114:6:parseLine	176	static
../Core/Src/main.c:242:5:main	24	static
../Core/Src/main.c:319:6:SystemClock_Config	112	static
../Core/Src/main.c:377:6:PeriphCommonClock_Config	88	static
../Core/Src/main.c:401:13:MX_TIM16_Init	8	static
../Core/Src/main.c:433:13:MX_GPIO_Init	8	static
../Core/Src/main.c:443:6:HAL_TIM_PeriodElapsedCallback	16	static
../Core/Src/main.c:461:6:Error_Handler	4	static,ignoring_inline_asm
