../USB_Device/Target/usbd_conf.c:72:6:HAL_PCD_MspInit	120	static
../USB_Device/Target/usbd_conf.c:124:6:HAL_PCD_MspDeInit	8	static
../USB_Device/Target/usbd_conf.c:158:6:HAL_PCD_SetupStageCallback	0	static
../USB_Device/Target/usbd_conf.c:179:6:HAL_PCD_DataOutStageCallback	0	static
../USB_Device/Target/usbd_conf.c:200:6:HAL_PCD_DataInStageCallback	0	static
../USB_Device/Target/usbd_conf.c:220:6:HAL_PCD_SOFCallback	0	static
../USB_Device/Target/usbd_conf.c:240:6:HAL_PCD_ResetCallback	8	static
../USB_Device/Target/usbd_conf.c:271:6:HAL_PCD_SuspendCallback	8	static
../USB_Device/Target/usbd_conf.c:301:6:HAL_PCD_ResumeCallback	8	static
../USB_Device/Target/usbd_conf.c:332:6:HAL_PCD_ISOOUTIncompleteCallback	0	static
../USB_Device/Target/usbd_conf.c:353:6:HAL_PCD_ISOINIncompleteCallback	0	static
../USB_Device/Target/usbd_conf.c:373:6:HAL_PCD_ConnectCallback	0	static
../USB_Device/Target/usbd_conf.c:393:6:HAL_PCD_DisconnectCallback	0	static
../USB_Device/Target/usbd_conf.c:418:20:USBD_LL_Init	16	static
../USB_Device/Target/usbd_conf.c:485:20:USBD_LL_DeInit	8	static
../USB_Device/Target/usbd_conf.c:502:20:USBD_LL_Start	8	static
../USB_Device/Target/usbd_conf.c:519:20:USBD_LL_Stop	8	static
../USB_Device/Target/usbd_conf.c:539:20:USBD_LL_OpenEP	8	static
../USB_Device/Target/usbd_conf.c:557:20:USBD_LL_CloseEP	8	static
../USB_Device/Target/usbd_conf.c:575:20:USBD_LL_FlushEP	8	static
../USB_Device/Target/usbd_conf.c:593:20:USBD_LL_StallEP	8	static
../USB_Device/Target/usbd_conf.c:611:20:USBD_LL_ClearStallEP	8	static
../USB_Device/Target/usbd_conf.c:629:9:USBD_LL_IsStallEP	0	static
../USB_Device/Target/usbd_conf.c:649:20:USBD_LL_SetUSBAddress	8	static
../USB_Device/Target/usbd_conf.c:669:20:USBD_LL_Transmit	8	static
../USB_Device/Target/usbd_conf.c:689:20:USBD_LL_PrepareReceive	8	static
../USB_Device/Target/usbd_conf.c:707:10:USBD_LL_GetRxDataSize	0	static
../USB_Device/Target/usbd_conf.c:721:6:HAL_PCDEx_LPM_Callback	8	static
../USB_Device/Target/usbd_conf.c:757:6:USBD_LL_Delay	0	static
../USB_Device/Target/usbd_conf.c:767:7:USBD_static_malloc	0	static
../USB_Device/Target/usbd_conf.c:779:6:USBD_static_free	0	static
