C:/Users/mzylinsk/STM32CubeIDE/workspace_1.10.1/PanTompkins/Code - example/CMSIS-DSP Library/Source/TransformFunctions/arm_rfft_fast_init_f32.c:52:19:arm_rfft_32_fast_init_f32	4	static
C:/Users/mzylinsk/STM32CubeIDE/workspace_1.10.1/PanTompkins/Code - example/CMSIS-DSP Library/Source/TransformFunctions/arm_rfft_fast_init_f32.c:82:19:arm_rfft_64_fast_init_f32	4	static
C:/Users/mzylinsk/STM32CubeIDE/workspace_1.10.1/PanTompkins/Code - example/CMSIS-DSP Library/Source/TransformFunctions/arm_rfft_fast_init_f32.c:112:19:arm_rfft_128_fast_init_f32	4	static
C:/Users/mzylinsk/STM32CubeIDE/workspace_1.10.1/PanTompkins/Code - example/CMSIS-DSP Library/Source/TransformFunctions/arm_rfft_fast_init_f32.c:142:19:arm_rfft_256_fast_init_f32	4	static
C:/Users/mzylinsk/STM32CubeIDE/workspace_1.10.1/PanTompkins/Code - example/CMSIS-DSP Library/Source/TransformFunctions/arm_rfft_fast_init_f32.c:172:19:arm_rfft_512_fast_init_f32	4	static
C:/Users/mzylinsk/STM32CubeIDE/workspace_1.10.1/PanTompkins/Code - example/CMSIS-DSP Library/Source/TransformFunctions/arm_rfft_fast_init_f32.c:201:19:arm_rfft_1024_fast_init_f32	4	static
C:/Users/mzylinsk/STM32CubeIDE/workspace_1.10.1/PanTompkins/Code - example/CMSIS-DSP Library/Source/TransformFunctions/arm_rfft_fast_init_f32.c:229:19:arm_rfft_2048_fast_init_f32	4	static
C:/Users/mzylinsk/STM32CubeIDE/workspace_1.10.1/PanTompkins/Code - example/CMSIS-DSP Library/Source/TransformFunctions/arm_rfft_fast_init_f32.c:258:19:arm_rfft_4096_fast_init_f32	4	static
C:/Users/mzylinsk/STM32CubeIDE/workspace_1.10.1/PanTompkins/Code - example/CMSIS-DSP Library/Source/TransformFunctions/arm_rfft_fast_init_f64.c:51:19:arm_rfft_32_fast_init_f64	0	static
C:/Users/mzylinsk/STM32CubeIDE/workspace_1.10.1/PanTompkins/Code - example/CMSIS-DSP Library/Source/TransformFunctions/arm_rfft_fast_init_f64.c:80:19:arm_rfft_64_fast_init_f64	0	static
C:/Users/mzylinsk/STM32CubeIDE/workspace_1.10.1/PanTompkins/Code - example/CMSIS-DSP Library/Source/TransformFunctions/arm_rfft_fast_init_f64.c:109:19:arm_rfft_128_fast_init_f64	0	static
C:/Users/mzylinsk/STM32CubeIDE/workspace_1.10.1/PanTompkins/Code - example/CMSIS-DSP Library/Source/TransformFunctions/arm_rfft_fast_init_f64.c:138:19:arm_rfft_256_fast_init_f64	0	static
C:/Users/mzylinsk/STM32CubeIDE/workspace_1.10.1/PanTompkins/Code - example/CMSIS-DSP Library/Source/TransformFunctions/arm_rfft_fast_init_f64.c:167:19:arm_rfft_512_fast_init_f64	0	static
C:/Users/mzylinsk/STM32CubeIDE/workspace_1.10.1/PanTompkins/Code - example/CMSIS-DSP Library/Source/TransformFunctions/arm_rfft_fast_init_f64.c:195:19:arm_rfft_1024_fast_init_f64	0	static
C:/Users/mzylinsk/STM32CubeIDE/workspace_1.10.1/PanTompkins/Code - example/CMSIS-DSP Library/Source/TransformFunctions/arm_rfft_fast_init_f64.c:222:19:arm_rfft_2048_fast_init_f64	0	static
C:/Users/mzylinsk/STM32CubeIDE/workspace_1.10.1/PanTompkins/Code - example/CMSIS-DSP Library/Source/TransformFunctions/arm_rfft_fast_init_f64.c:250:19:arm_rfft_4096_fast_init_f64	0	static
C:/Users/mzylinsk/STM32CubeIDE/workspace_1.10.1/PanTompkins/Code - example/CMSIS-DSP Library/Source/TransformFunctions/arm_cfft_radix4_q15.c:1030:6:arm_radix4_butterfly_inverse_q15.constprop	120	static,ignoring_inline_asm
C:/Users/mzylinsk/STM32CubeIDE/workspace_1.10.1/PanTompkins/Code - example/CMSIS-DSP Library/Source/TransformFunctions/arm_cfft_radix4_q15.c:160:6:arm_radix4_butterfly_q15.constprop	120	static,ignoring_inline_asm
C:/Users/mzylinsk/STM32CubeIDE/workspace_1.10.1/PanTompkins/Code - example/CMSIS-DSP Library/Source/TransformFunctions/arm_bitreversal.c:42:6:arm_bitreversal_f32	56	static
C:/Users/mzylinsk/STM32CubeIDE/workspace_1.10.1/PanTompkins/Code - example/CMSIS-DSP Library/Source/TransformFunctions/arm_bitreversal.c:113:6:arm_bitreversal_q31	36	static
C:/Users/mzylinsk/STM32CubeIDE/workspace_1.10.1/PanTompkins/Code - example/CMSIS-DSP Library/Source/TransformFunctions/arm_bitreversal.c:184:6:arm_bitreversal_q15	36	static
C:/Users/mzylinsk/STM32CubeIDE/workspace_1.10.1/PanTompkins/Code - example/CMSIS-DSP Library/Source/TransformFunctions/arm_bitreversal2.c:41:6:arm_bitreversal_64	8	static
C:/Users/mzylinsk/STM32CubeIDE/workspace_1.10.1/PanTompkins/Code - example/CMSIS-DSP Library/Source/TransformFunctions/arm_bitreversal2.c:75:6:arm_bitreversal_32	16	static
C:/Users/mzylinsk/STM32CubeIDE/workspace_1.10.1/PanTompkins/Code - example/CMSIS-DSP Library/Source/TransformFunctions/arm_bitreversal2.c:110:6:arm_bitreversal_16	12	static
C:/Users/mzylinsk/STM32CubeIDE/workspace_1.10.1/PanTompkins/Code - example/CMSIS-DSP Library/Source/TransformFunctions/arm_cfft_f64.c:57:6:arm_radix4_butterfly_f64	224	static
C:/Users/mzylinsk/STM32CubeIDE/workspace_1.10.1/PanTompkins/Code - example/CMSIS-DSP Library/Source/TransformFunctions/arm_cfft_f64.c:191:6:arm_cfft_radix4by2_f64	112	static
C:/Users/mzylinsk/STM32CubeIDE/workspace_1.10.1/PanTompkins/Code - example/CMSIS-DSP Library/Source/TransformFunctions/arm_cfft_f64.c:256:6:arm_cfft_f64	48	static
C:/Users/mzylinsk/STM32CubeIDE/workspace_1.10.1/PanTompkins/Code - example/CMSIS-DSP Library/Source/TransformFunctions/arm_cfft_q15.c:696:6:arm_cfft_radix4by2_q15	40	static,ignoring_inline_asm
C:/Users/mzylinsk/STM32CubeIDE/workspace_1.10.1/PanTompkins/Code - example/CMSIS-DSP Library/Source/TransformFunctions/arm_cfft_q15.c:795:6:arm_cfft_radix4by2_inverse_q15	40	static,ignoring_inline_asm
C:/Users/mzylinsk/STM32CubeIDE/workspace_1.10.1/PanTompkins/Code - example/CMSIS-DSP Library/Source/TransformFunctions/arm_cfft_q15.c:639:6:arm_cfft_q15	128	static,ignoring_inline_asm
C:/Users/mzylinsk/STM32CubeIDE/workspace_1.10.1/PanTompkins/Code - example/CMSIS-DSP Library/Source/TransformFunctions/arm_cfft_init_f32.c:264:12:arm_cfft_init_f32	4	static
C:/Users/mzylinsk/STM32CubeIDE/workspace_1.10.1/PanTompkins/Code - example/CMSIS-DSP Library/Source/TransformFunctions/arm_cfft_init_f64.c:57:12:arm_cfft_init_f64	4	static
C:/Users/mzylinsk/STM32CubeIDE/workspace_1.10.1/PanTompkins/Code - example/CMSIS-DSP Library/Source/TransformFunctions/arm_cfft_init_q15.c:262:12:arm_cfft_init_q15	4	static
C:/Users/mzylinsk/STM32CubeIDE/workspace_1.10.1/PanTompkins/Code - example/CMSIS-DSP Library/Source/TransformFunctions/arm_cfft_init_q31.c:262:12:arm_cfft_init_q31	4	static
C:/Users/mzylinsk/STM32CubeIDE/workspace_1.10.1/PanTompkins/Code - example/CMSIS-DSP Library/Source/TransformFunctions/arm_cfft_radix2_f32.c:113:6:arm_radix2_butterfly_f32	48	static
C:/Users/mzylinsk/STM32CubeIDE/workspace_1.10.1/PanTompkins/Code - example/CMSIS-DSP Library/Source/TransformFunctions/arm_cfft_radix2_f32.c:281:6:arm_radix2_butterfly_inverse_f32	48	static
C:/Users/mzylinsk/STM32CubeIDE/workspace_1.10.1/PanTompkins/Code - example/CMSIS-DSP Library/Source/TransformFunctions/arm_cfft_radix2_f32.c:67:6:arm_cfft_radix2_f32	16	static
C:/Users/mzylinsk/STM32CubeIDE/workspace_1.10.1/PanTompkins/Code - example/CMSIS-DSP Library/Source/TransformFunctions/arm_cfft_radix2_q15.c:87:6:arm_radix2_butterfly_q15	80	static,ignoring_inline_asm
C:/Users/mzylinsk/STM32CubeIDE/workspace_1.10.1/PanTompkins/Code - example/CMSIS-DSP Library/Source/TransformFunctions/arm_cfft_radix2_q15.c:397:6:arm_radix2_butterfly_inverse_q15	72	static,ignoring_inline_asm
C:/Users/mzylinsk/STM32CubeIDE/workspace_1.10.1/PanTompkins/Code - example/CMSIS-DSP Library/Source/TransformFunctions/arm_cfft_radix2_q15.c:66:6:arm_cfft_radix2_q15	16	static
C:/Users/mzylinsk/STM32CubeIDE/workspace_1.10.1/PanTompkins/Code - example/CMSIS-DSP Library/Source/TransformFunctions/arm_cfft_radix2_q31.c:89:6:arm_radix2_butterfly_q31	80	static
C:/Users/mzylinsk/STM32CubeIDE/workspace_1.10.1/PanTompkins/Code - example/CMSIS-DSP Library/Source/TransformFunctions/arm_cfft_radix2_q31.c:217:6:arm_radix2_butterfly_inverse_q31	80	static
C:/Users/mzylinsk/STM32CubeIDE/workspace_1.10.1/PanTompkins/Code - example/CMSIS-DSP Library/Source/TransformFunctions/arm_cfft_radix2_q31.c:66:6:arm_cfft_radix2_q31	16	static
C:/Users/mzylinsk/STM32CubeIDE/workspace_1.10.1/PanTompkins/Code - example/CMSIS-DSP Library/Source/TransformFunctions/arm_cfft_radix4_f32.c:111:6:arm_radix4_butterfly_f32	88	static
C:/Users/mzylinsk/STM32CubeIDE/workspace_1.10.1/PanTompkins/Code - example/CMSIS-DSP Library/Source/TransformFunctions/arm_cfft_radix4_f32.c:610:6:arm_radix4_butterfly_inverse_f32	104	static
C:/Users/mzylinsk/STM32CubeIDE/workspace_1.10.1/PanTompkins/Code - example/CMSIS-DSP Library/Source/TransformFunctions/arm_cfft_radix4_f32.c:71:6:arm_cfft_radix4_f32	16	static
C:/Users/mzylinsk/STM32CubeIDE/workspace_1.10.1/PanTompkins/Code - example/CMSIS-DSP Library/Source/TransformFunctions/arm_cfft_radix4_q15.c:160:6:arm_radix4_butterfly_q15	112	static,ignoring_inline_asm
C:/Users/mzylinsk/STM32CubeIDE/workspace_1.10.1/PanTompkins/Code - example/CMSIS-DSP Library/Source/TransformFunctions/arm_cfft_radix4_q15.c:1030:6:arm_radix4_butterfly_inverse_q15	112	static,ignoring_inline_asm
C:/Users/mzylinsk/STM32CubeIDE/workspace_1.10.1/PanTompkins/Code - example/CMSIS-DSP Library/Source/TransformFunctions/arm_cfft_radix4_q15.c:90:6:arm_cfft_radix4_q15	16	static
C:/Users/mzylinsk/STM32CubeIDE/workspace_1.10.1/PanTompkins/Code - example/CMSIS-DSP Library/Source/TransformFunctions/arm_cfft_radix4_q31.c:158:6:arm_radix4_butterfly_q31	136	static
C:/Users/mzylinsk/STM32CubeIDE/workspace_1.10.1/PanTompkins/Code - example/CMSIS-DSP Library/Source/TransformFunctions/arm_cfft_q31.c:728:6:arm_cfft_radix4by2_q31	56	static
C:/Users/mzylinsk/STM32CubeIDE/workspace_1.10.1/PanTompkins/Code - example/CMSIS-DSP Library/Source/TransformFunctions/arm_cfft_radix4_q31.c:530:6:arm_radix4_butterfly_inverse_q31	136	static
C:/Users/mzylinsk/STM32CubeIDE/workspace_1.10.1/PanTompkins/Code - example/CMSIS-DSP Library/Source/TransformFunctions/arm_cfft_q31.c:789:6:arm_cfft_radix4by2_inverse_q31	56	static
C:/Users/mzylinsk/STM32CubeIDE/workspace_1.10.1/PanTompkins/Code - example/CMSIS-DSP Library/Source/TransformFunctions/arm_cfft_q31.c:671:6:arm_cfft_q31	24	static
C:/Users/mzylinsk/STM32CubeIDE/workspace_1.10.1/PanTompkins/Code - example/CMSIS-DSP Library/Source/TransformFunctions/arm_cfft_radix4_q31.c:88:6:arm_cfft_radix4_q31	16	static
C:/Users/mzylinsk/STM32CubeIDE/workspace_1.10.1/PanTompkins/Code - example/CMSIS-DSP Library/Source/TransformFunctions/arm_cfft_radix8_f32.c:45:6:arm_radix8_butterfly_f32	160	static
C:/Users/mzylinsk/STM32CubeIDE/workspace_1.10.1/PanTompkins/Code - example/CMSIS-DSP Library/Source/TransformFunctions/arm_cfft_f32.c:758:6:arm_cfft_radix8by2_f32	64	static
C:/Users/mzylinsk/STM32CubeIDE/workspace_1.10.1/PanTompkins/Code - example/CMSIS-DSP Library/Source/TransformFunctions/arm_cfft_f32.c:872:6:arm_cfft_radix8by4_f32	144	static
C:/Users/mzylinsk/STM32CubeIDE/workspace_1.10.1/PanTompkins/Code - example/CMSIS-DSP Library/Source/TransformFunctions/arm_cfft_f32.c:1133:6:arm_cfft_f32	32	static
C:/Users/mzylinsk/STM32CubeIDE/workspace_1.10.1/PanTompkins/Code - example/CMSIS-DSP Library/Source/TransformFunctions/arm_rfft_fast_f32.c:310:6:stage_rfft_f32	0	static
C:/Users/mzylinsk/STM32CubeIDE/workspace_1.10.1/PanTompkins/Code - example/CMSIS-DSP Library/Source/TransformFunctions/arm_rfft_fast_f32.c:399:6:merge_rfft_f32	4	static
C:/Users/mzylinsk/STM32CubeIDE/workspace_1.10.1/PanTompkins/Code - example/CMSIS-DSP Library/Source/TransformFunctions/arm_rfft_fast_f32.c:577:6:arm_rfft_fast_f32	24	static
C:/Users/mzylinsk/STM32CubeIDE/workspace_1.10.1/PanTompkins/Code - example/CMSIS-DSP Library/Source/TransformFunctions/arm_rfft_fast_f64.c:31:6:stage_rfft_f64	96	static
C:/Users/mzylinsk/STM32CubeIDE/workspace_1.10.1/PanTompkins/Code - example/CMSIS-DSP Library/Source/TransformFunctions/arm_rfft_fast_f64.c:118:6:merge_rfft_f64	88	static
C:/Users/mzylinsk/STM32CubeIDE/workspace_1.10.1/PanTompkins/Code - example/CMSIS-DSP Library/Source/TransformFunctions/arm_rfft_fast_f64.c:198:6:arm_rfft_fast_f64	24	static
C:/Users/mzylinsk/STM32CubeIDE/workspace_1.10.1/PanTompkins/Code - example/CMSIS-DSP Library/Source/TransformFunctions/arm_rfft_fast_init_f32.c:292:12:arm_rfft_fast_init_f32	0	static
C:/Users/mzylinsk/STM32CubeIDE/workspace_1.10.1/PanTompkins/Code - example/CMSIS-DSP Library/Source/TransformFunctions/arm_rfft_fast_init_f64.c:284:12:arm_rfft_fast_init_f64	0	static
C:/Users/mzylinsk/STM32CubeIDE/workspace_1.10.1/PanTompkins/Code - example/CMSIS-DSP Library/Source/TransformFunctions/arm_mfcc_init_f32.c:73:12:arm_mfcc_init_f32	4	static
C:/Users/mzylinsk/STM32CubeIDE/workspace_1.10.1/PanTompkins/Code - example/CMSIS-DSP Library/Source/TransformFunctions/arm_mfcc_f32.c:70:6:arm_mfcc_f32	64	static
C:/Users/mzylinsk/STM32CubeIDE/workspace_1.10.1/PanTompkins/Code - example/CMSIS-DSP Library/Source/TransformFunctions/arm_mfcc_init_q31.c:73:12:arm_mfcc_init_q31	8	static
C:/Users/mzylinsk/STM32CubeIDE/workspace_1.10.1/PanTompkins/Code - example/CMSIS-DSP Library/Source/TransformFunctions/arm_mfcc_init_q15.c:73:12:arm_mfcc_init_q15	8	static
C:/Users/mzylinsk/STM32CubeIDE/workspace_1.10.1/PanTompkins/Code - example/CMSIS-DSP Library/Source/TransformFunctions/arm_dct4_init_f32.c:66:12:arm_dct4_init_f32	8	static
C:/Users/mzylinsk/STM32CubeIDE/workspace_1.10.1/PanTompkins/Code - example/CMSIS-DSP Library/Source/TransformFunctions/arm_dct4_init_q15.c:65:12:arm_dct4_init_q15	4	static
C:/Users/mzylinsk/STM32CubeIDE/workspace_1.10.1/PanTompkins/Code - example/CMSIS-DSP Library/Source/TransformFunctions/arm_dct4_init_q31.c:65:12:arm_dct4_init_q31	4	static
C:/Users/mzylinsk/STM32CubeIDE/workspace_1.10.1/PanTompkins/Code - example/CMSIS-DSP Library/Source/TransformFunctions/arm_rfft_f32.c:154:6:arm_split_rfft_f32	24	static
C:/Users/mzylinsk/STM32CubeIDE/workspace_1.10.1/PanTompkins/Code - example/CMSIS-DSP Library/Source/TransformFunctions/arm_rfft_f32.c:97:6:arm_rfft_f32	32	static
C:/Users/mzylinsk/STM32CubeIDE/workspace_1.10.1/PanTompkins/Code - example/CMSIS-DSP Library/Source/TransformFunctions/arm_dct4_f32.c:131:6:arm_dct4_f32	24	static
C:/Users/mzylinsk/STM32CubeIDE/workspace_1.10.1/PanTompkins/Code - example/CMSIS-DSP Library/Source/TransformFunctions/arm_rfft_f32.c:250:6:arm_split_rifft_f32	12	static
C:/Users/mzylinsk/STM32CubeIDE/workspace_1.10.1/PanTompkins/Code - example/CMSIS-DSP Library/Source/TransformFunctions/arm_rfft_q15.c:235:6:arm_split_rfft_q15	48	static,ignoring_inline_asm
C:/Users/mzylinsk/STM32CubeIDE/workspace_1.10.1/PanTompkins/Code - example/CMSIS-DSP Library/Source/TransformFunctions/arm_rfft_q15.c:107:6:arm_rfft_q15	48	static,ignoring_inline_asm
C:/Users/mzylinsk/STM32CubeIDE/workspace_1.10.1/PanTompkins/Code - example/CMSIS-DSP Library/Source/TransformFunctions/arm_mfcc_q15.c:76:12:arm_mfcc_q15	88	static,ignoring_inline_asm
C:/Users/mzylinsk/STM32CubeIDE/workspace_1.10.1/PanTompkins/Code - example/CMSIS-DSP Library/Source/TransformFunctions/arm_dct4_q15.c:57:6:arm_dct4_q15	24	static
C:/Users/mzylinsk/STM32CubeIDE/workspace_1.10.1/PanTompkins/Code - example/CMSIS-DSP Library/Source/TransformFunctions/arm_rfft_q15.c:455:6:arm_split_rifft_q15	28	static,ignoring_inline_asm
C:/Users/mzylinsk/STM32CubeIDE/workspace_1.10.1/PanTompkins/Code - example/CMSIS-DSP Library/Source/TransformFunctions/arm_rfft_q31.c:229:6:arm_split_rfft_q31	80	static
C:/Users/mzylinsk/STM32CubeIDE/workspace_1.10.1/PanTompkins/Code - example/CMSIS-DSP Library/Source/TransformFunctions/arm_rfft_q31.c:383:6:arm_split_rifft_q31	72	static
C:/Users/mzylinsk/STM32CubeIDE/workspace_1.10.1/PanTompkins/Code - example/CMSIS-DSP Library/Source/TransformFunctions/arm_rfft_q31.c:108:6:arm_rfft_q31	40	static
C:/Users/mzylinsk/STM32CubeIDE/workspace_1.10.1/PanTompkins/Code - example/CMSIS-DSP Library/Source/TransformFunctions/arm_mfcc_q31.c:77:12:arm_mfcc_q31	88	static,ignoring_inline_asm
C:/Users/mzylinsk/STM32CubeIDE/workspace_1.10.1/PanTompkins/Code - example/CMSIS-DSP Library/Source/TransformFunctions/arm_dct4_q31.c:59:6:arm_dct4_q31	24	static
C:/Users/mzylinsk/STM32CubeIDE/workspace_1.10.1/PanTompkins/Code - example/CMSIS-DSP Library/Source/TransformFunctions/arm_rfft_init_f32.c:67:12:arm_rfft_init_f32	4	static
C:/Users/mzylinsk/STM32CubeIDE/workspace_1.10.1/PanTompkins/Code - example/CMSIS-DSP Library/Source/TransformFunctions/arm_rfft_init_q15.c:65:12:arm_rfft_init_q15	4	static
C:/Users/mzylinsk/STM32CubeIDE/workspace_1.10.1/PanTompkins/Code - example/CMSIS-DSP Library/Source/TransformFunctions/arm_rfft_init_q31.c:67:12:arm_rfft_init_q31	4	static
C:/Users/mzylinsk/STM32CubeIDE/workspace_1.10.1/PanTompkins/Code - example/CMSIS-DSP Library/Source/TransformFunctions/arm_cfft_radix4_init_f32.c:68:12:arm_cfft_radix4_init_f32	4	static
C:/Users/mzylinsk/STM32CubeIDE/workspace_1.10.1/PanTompkins/Code - example/CMSIS-DSP Library/Source/TransformFunctions/arm_cfft_radix4_init_q15.c:70:12:arm_cfft_radix4_init_q15	4	static
C:/Users/mzylinsk/STM32CubeIDE/workspace_1.10.1/PanTompkins/Code - example/CMSIS-DSP Library/Source/TransformFunctions/arm_cfft_radix4_init_q31.c:69:12:arm_cfft_radix4_init_q31	4	static
C:/Users/mzylinsk/STM32CubeIDE/workspace_1.10.1/PanTompkins/Code - example/CMSIS-DSP Library/Source/TransformFunctions/arm_cfft_radix2_init_f32.c:68:12:arm_cfft_radix2_init_f32	4	static
C:/Users/mzylinsk/STM32CubeIDE/workspace_1.10.1/PanTompkins/Code - example/CMSIS-DSP Library/Source/TransformFunctions/arm_cfft_radix2_init_q15.c:69:12:arm_cfft_radix2_init_q15	4	static
C:/Users/mzylinsk/STM32CubeIDE/workspace_1.10.1/PanTompkins/Code - example/CMSIS-DSP Library/Source/TransformFunctions/arm_cfft_radix2_init_q31.c:68:12:arm_cfft_radix2_init_q31	4	static
