C:/Users/mzylinsk/STM32CubeIDE/workspace_1.10.1/PanTompkins/Code - example/CMSIS-DSP Library/Source/FastMathFunctions/arm_cos_f32.c:70:11:arm_cos_f32	0	static
C:/Users/mzylinsk/STM32CubeIDE/workspace_1.10.1/PanTompkins/Code - example/CMSIS-DSP Library/Source/FastMathFunctions/arm_cos_q15.c:49:7:arm_cos_q15	0	static
C:/Users/mzylinsk/STM32CubeIDE/workspace_1.10.1/PanTompkins/Code - example/CMSIS-DSP Library/Source/FastMathFunctions/arm_cos_q31.c:49:7:arm_cos_q31	8	static
C:/Users/mzylinsk/STM32CubeIDE/workspace_1.10.1/PanTompkins/Code - example/CMSIS-DSP Library/Source/FastMathFunctions/arm_sin_f32.c:71:11:arm_sin_f32	0	static
C:/Users/mzylinsk/STM32CubeIDE/workspace_1.10.1/PanTompkins/Code - example/CMSIS-DSP Library/Source/FastMathFunctions/arm_sin_q15.c:49:7:arm_sin_q15	0	static
C:/Users/mzylinsk/STM32CubeIDE/workspace_1.10.1/PanTompkins/Code - example/CMSIS-DSP Library/Source/FastMathFunctions/arm_sin_q31.c:49:7:arm_sin_q31	8	static
C:/Users/mzylinsk/STM32CubeIDE/workspace_1.10.1/PanTompkins/Code - example/CMSIS-DSP Library/Source/FastMathFunctions/arm_sqrt_q31.c:52:12:arm_sqrt_q31	12	static
C:/Users/mzylinsk/STM32CubeIDE/workspace_1.10.1/PanTompkins/Code - example/CMSIS-DSP Library/Source/FastMathFunctions/arm_sqrt_q15.c:52:12:arm_sqrt_q15	4	static
C:/Users/mzylinsk/STM32CubeIDE/workspace_1.10.1/PanTompkins/Code - example/CMSIS-DSP Library/Source/FastMathFunctions/arm_vexp_f32.c:58:6:arm_vexp_f32	16	static
C:/Users/mzylinsk/STM32CubeIDE/workspace_1.10.1/PanTompkins/Code - example/CMSIS-DSP Library/Source/FastMathFunctions/arm_vexp_f64.c:33:6:arm_vexp_f64	16	static
C:/Users/mzylinsk/STM32CubeIDE/workspace_1.10.1/PanTompkins/Code - example/CMSIS-DSP Library/Source/FastMathFunctions/arm_vlog_f32.c:54:6:arm_vlog_f32	16	static
C:/Users/mzylinsk/STM32CubeIDE/workspace_1.10.1/PanTompkins/Code - example/CMSIS-DSP Library/Source/FastMathFunctions/arm_vlog_f64.c:32:6:arm_vlog_f64	16	static
C:/Users/mzylinsk/STM32CubeIDE/workspace_1.10.1/PanTompkins/Code - example/CMSIS-DSP Library/Source/FastMathFunctions/arm_divide_q15.c:60:12:arm_divide_q15	32	static
C:/Users/mzylinsk/STM32CubeIDE/workspace_1.10.1/PanTompkins/Code - example/CMSIS-DSP Library/Source/FastMathFunctions/arm_divide_q31.c:55:12:arm_divide_q31	32	static
C:/Users/mzylinsk/STM32CubeIDE/workspace_1.10.1/PanTompkins/Code - example/CMSIS-DSP Library/Source/FastMathFunctions/arm_vlog_q31.c:216:6:arm_vlog_q31	20	static
C:/Users/mzylinsk/STM32CubeIDE/workspace_1.10.1/PanTompkins/Code - example/CMSIS-DSP Library/Source/FastMathFunctions/arm_vlog_q15.c:223:6:arm_vlog_q15	16	static
C:/Users/mzylinsk/STM32CubeIDE/workspace_1.10.1/PanTompkins/Code - example/CMSIS-DSP Library/Source/FastMathFunctions/arm_atan2_f32.c:132:12:arm_atan2_f32	0	static
C:/Users/mzylinsk/STM32CubeIDE/workspace_1.10.1/PanTompkins/Code - example/CMSIS-DSP Library/Source/FastMathFunctions/arm_atan2_q31.c:185:12:arm_atan2_q31	32	static,ignoring_inline_asm
C:/Users/mzylinsk/STM32CubeIDE/workspace_1.10.1/PanTompkins/Code - example/CMSIS-DSP Library/Source/FastMathFunctions/arm_atan2_q15.c:184:12:arm_atan2_q15	32	static,ignoring_inline_asm
