../Drivers/STM32WBxx_HAL_Driver/Inc/stm32wbxx_ll_bus.h:539:22:LL_AHB2_GRP1_EnableClock	24	static
../Core/Src/main.c:82:10:findStrEnd	16	static
../Core/Src/main.c:95:6:parseLine	176	static
../Core/Src/main.c:221:5:main	24	static
../Core/Src/main.c:293:6:SystemClock_Config	112	static
../Core/Src/main.c:351:6:PeriphCommonClock_Config	88	static
../Core/Src/main.c:375:13:MX_I2C1_Init	8	static
../Core/Src/main.c:423:13:MX_GPIO_Init	8	static
../Core/Src/main.c:440:6:Error_Handler	4	static,ignoring_inline_asm
