../Drivers/STM32WBxx_HAL_Driver/Inc/stm32wbxx_ll_bus.h:539:22:LL_AHB2_GRP1_EnableClock	24	static
../Core/Src/main.c:80:10:findStrEnd	16	static
../Core/Src/main.c:93:6:parseLine	80	static
../Core/Src/main.c:195:5:main	24	static
../Core/Src/main.c:267:6:SystemClock_Config	112	static
../Core/Src/main.c:325:6:PeriphCommonClock_Config	88	static
../Core/Src/main.c:349:13:MX_I2C1_Init	8	static
../Core/Src/main.c:397:13:MX_GPIO_Init	8	static
../Core/Src/main.c:414:6:Error_Handler	4	static,ignoring_inline_asm
