../Core/Src/PanTompkins_hooman650.c:136:6:PT_init	24	static
../Core/Src/PanTompkins_hooman650.c:219:9:PT_StateMachine	24	static
../Core/Src/PanTompkins_hooman650.c:400:6:LearningPhase1	16	static
../Core/Src/PanTompkins_hooman650.c:449:6:LPFilter	24	static
../Core/Src/PanTompkins_hooman650.c:498:6:HPFilter	16	static
../Core/Src/PanTompkins_hooman650.c:547:6:DerivFilter	16	static
../Core/Src/PanTompkins_hooman650.c:575:6:SQRFilter	16	static
../Core/Src/PanTompkins_hooman650.c:608:6:MVAFilter	4	static
../Core/Src/PanTompkins_hooman650.c:647:9:PeakDtcI	16	static
../Core/Src/PanTompkins_hooman650.c:679:6:PeakDtcDR	16	static
../Core/Src/PanTompkins_hooman650.c:706:6:PeakDtcBP	16	static
../Core/Src/PanTompkins_hooman650.c:739:6:UpdateRR	16	static
../Core/Src/PanTompkins_hooman650.c:795:6:UpdateThI	16	static
../Core/Src/PanTompkins_hooman650.c:828:6:UpdateThF	16	static
../Core/Src/PanTompkins_hooman650.c:855:9:PT_get_State_output	4	static
../Core/Src/PanTompkins_hooman650.c:862:9:PT_get_LPFilter_output	4	static
../Core/Src/PanTompkins_hooman650.c:867:9:PT_get_HPFilter_output	4	static
../Core/Src/PanTompkins_hooman650.c:872:9:PT_get_DRFilter_output	4	static
../Core/Src/PanTompkins_hooman650.c:877:10:PT_get_MVFilter_output	4	static
../Core/Src/PanTompkins_hooman650.c:882:10:PT_get_SQRFilter_output	4	static
../Core/Src/PanTompkins_hooman650.c:893:9:PT_get_ShortTimeHR_output	16	static
../Core/Src/PanTompkins_hooman650.c:902:9:PT_get_LongTimeHR_output	16	static
../Core/Src/PanTompkins_hooman650.c:908:10:PT_get_ThI1_output	4	static
../Core/Src/PanTompkins_hooman650.c:913:9:PT_get_ThF1_output	4	static
../Core/Src/PanTompkins_hooman650.c:918:10:PT_get_SKPI_output	4	static
../Core/Src/PanTompkins_hooman650.c:923:10:PT_get_NPKI_output	4	static
../Core/Src/PanTompkins_hooman650.c:928:9:PT_get_SPKF_output	4	static
../Core/Src/PanTompkins_hooman650.c:933:9:PT_get_NPKF_output	4	static
../Core/Src/PanTompkins_hooman650.c:938:9:PT_get_HRState_output	4	static
